function   (folders / executable) /scripts
project    (folder)               /scripts/.
project    (folder)               /scripts/..
project    (folder)               /scripts/code
project    (folder)               /scripts/environment
project    (folder)               /scripts/code
assignment (file)                 /scripts/code/.
assignment (file)                 /scripts/code/..
assignment (file)                 /scripts/code/...code
assignment (file)                 /scripts/code/task
assignment (file)                 /scripts/code/...code
task       (file / block)         /scripts/code/...code/.
task       (file / block)         /scripts/code/...code/..
task       (file / block)         /scripts/code/...code/README.md
task       (file / block)         /scripts/code/...code/TODO
task       (file / block)         /scripts/code/...code/commentcode.help
task       (file / block)         /scripts/code/...code/commentcode.languages
task       (file / block)         /scripts/code/...code/commentcode.sh
task       (file / block)         /scripts/code/...code/examples
task       (file / block)         /scripts/code/...code/listing
task       (file / block)         /scripts/code/...code/mapcode.help
task       (file / block)         /scripts/code/...code/mapcode.sh
task       (file / block)         /scripts/code/...code/output.lo
task       (file / block)         /scripts/code/...code/examples
 /scripts/code/...code/examples/.
 /scripts/code/...code/examples/..
 /scripts/code/...code/examples/TODO
 /scripts/code/...code/examples/TODO.map
 /scripts/code/...code/examples/aprogram
 /scripts/code/...code/examples/index.js
 /scripts/code/...code/examples/aprogram
 /scripts/code/...code/examples/aprogram/.
 /scripts/code/...code/examples/aprogram/..
 /scripts/code/...code/examples/aprogram/aclass
 /scripts/code/...code/examples/aprogram/index-driver.html
 /scripts/code/...code/examples/aprogram/server-driver.js
 /scripts/code/...code/examples/aprogram/aclass
 /scripts/code/...code/examples/aprogram/aclass/.
 /scripts/code/...code/examples/aprogram/aclass/..
 /scripts/code/...code/examples/aprogram/aclass/aclass-members.js
 /scripts/code/...code/examples/aprogram/aclass/aobject
 /scripts/code/...code/examples/aprogram/aclass/aobject
 /scripts/code/...code/examples/aprogram/aclass/aobject/.
 /scripts/code/...code/examples/aprogram/aclass/aobject/..
 /scripts/code/...code/examples/aprogram/aclass/aobject/aobject-members.js
assignment (file)                 /scripts/code/task
task       (file / block)         /scripts/code/task/.
task       (file / block)         /scripts/code/task/..
task       (file / block)         /scripts/code/task/articleupload.sh
task       (file / block)         /scripts/code/task/codeproject.sh
task       (file / block)         /scripts/code/task/filecopy.sh
project    (folder)               /scripts/environment
assignment (file)                 /scripts/environment/.
assignment (file)                 /scripts/environment/..
assignment (file)                 /scripts/environment/local
assignment (file)                 /scripts/environment/workspace
assignment (file)                 /scripts/environment/local
task       (file / block)         /scripts/environment/local/.
task       (file / block)         /scripts/environment/local/..
task       (file / block)         /scripts/environment/local/bin.sh
assignment (file)                 /scripts/environment/workspace
task       (file / block)         /scripts/environment/workspace/.
task       (file / block)         /scripts/environment/workspace/..
task       (file / block)         /scripts/environment/workspace/README.md
task       (file / block)         /scripts/environment/workspace/index.sh
task       (file / block)         /scripts/environment/workspace/my.config
task       (file / block)         /scripts/environment/workspace/save-github.sh
task       (file / block)         /scripts/environment/workspace/setup-environment.sh
